command asha 's test 
ashajay@IUSA19407 MINGW64 /h/Asha/github my app
$ git init

Initialized empty Git repository in H:/Asha/github my app/.git/

ashajay@IUSA19407 MINGW64 /h/Asha/github my app (master)
$

ashajay@IUSA19407 MINGW64 /h/Asha/github my app (master)
$ touch index.html

ashajay@IUSA19407 MINGW64 /h/Asha/github my app (master)
$ git status
On branch master

No commits yet

Untracked files:
  (use "git add <file>..." to include in what will be committed)
        index.html
        samplecode.sas

nothing added to commit but untracked files present (use "git add" to track)

ashajay@IUSA19407 MINGW64 /h/Asha/github my app (master)
$ git add .

ashajay@IUSA19407 MINGW64 /h/Asha/github my app (master)
$ git status
On branch master

No commits yet

Changes to be committed:
  (use "git rm --cached <file>..." to unstage)
        new file:   index.html
        new file:   samplecode.sas


ashajay@IUSA19407 MINGW64 /h/Asha/github my app (master)
$ git commit -m "note of sas code being committed"
[master (root-commit) b8019fb] note of sas code being committed
 2 files changed, 38 insertions(+)
 create mode 100644 index.html
 create mode 100644 samplecode.sas

ashajay@IUSA19407 MINGW64 /h/Asha/github my app (master)
$ git branch featurename

ashajay@IUSA19407 MINGW64 /h/Asha/github my app (master)
$ git checkout featurename
Switched to branch 'featurename'

ashajay@IUSA19407 MINGW64 /h/Asha/github my app (featurename)
$ git checkout master
Switched to branch 'master'

ashajay@IUSA19407 MINGW64 /h/Asha/github my app (master)
$ git checkout featurename
Switched to branch 'featurename'

ashajay@IUSA19407 MINGW64 /h/Asha/github my app (featurename)
$ git status
On branch featurename
nothing to commit, working tree clean

ashajay@IUSA19407 MINGW64 /h/Asha/github my app (featurename)
$ touch index1.html

ashajay@IUSA19407 MINGW64 /h/Asha/github my app (featurename)
$ git status
On branch featurename
Untracked files:
  (use "git add <file>..." to include in what will be committed)
        index1.html

nothing added to commit but untracked files present (use "git add" to track)

ashajay@IUSA19407 MINGW64 /h/Asha/github my app (featurename)
$ git add .

ashajay@IUSA19407 MINGW64 /h/Asha/github my app (featurename)
$ git status
On branch featurename
Changes to be committed:
  (use "git restore --staged <file>..." to unstage)
        new file:   index1.html


ashajay@IUSA19407 MINGW64 /h/Asha/github my app (featurename)
$ git commit -m "branch commit"
[featurename 3f45142] branch commit
 1 file changed, 11 insertions(+)
 create mode 100644 index1.html

ashajay@IUSA19407 MINGW64 /h/Asha/github my app (featurename)
$ touch abc.sas

ashajay@IUSA19407 MINGW64 /h/Asha/github my app (featurename)
$ git status
On branch featurename
Untracked files:
  (use "git add <file>..." to include in what will be committed)
        abc.sas

nothing added to commit but untracked files present (use "git add" to track)

ashajay@IUSA19407 MINGW64 /h/Asha/github my app (featurename)
$ git add .

ashajay@IUSA19407 MINGW64 /h/Asha/github my app (featurename)
$ git status
On branch featurename
Changes to be committed:
  (use "git restore --staged <file>..." to unstage)
        new file:   abc.sas


ashajay@IUSA19407 MINGW64 /h/Asha/github my app (featurename)
$ git commit -m "branch sas code"
[featurename ab425a5] branch sas code
 1 file changed, 2 insertions(+)
 create mode 100644 abc.sas

ashajay@IUSA19407 MINGW64 /h/Asha/github my app (featurename)
$ git checkout master
Switched to branch 'master'

ashajay@IUSA19407 MINGW64 /h/Asha/github my app (master)
$ git checkout featurename
Switched to branch 'featurename'

ashajay@IUSA19407 MINGW64 /h/Asha/github my app (featurename)
$ git checkout master
Switched to branch 'master'

ashajay@IUSA19407 MINGW64 /h/Asha/github my app (master)
$ git merge featurename
Updating b8019fb..ab425a5
Fast-forward
 abc.sas     |  2 ++
 index1.html | 11 +++++++++++
 2 files changed, 13 insertions(+)
 create mode 100644 abc.sas
 create mode 100644 index1.html

ashajay@IUSA19407 MINGW64 /h/Asha/github my app (master)
$ git rm --cached index.html
rm 'index.html'

ashajay@IUSA19407 MINGW64 /h/Asha/github my app (master)
$ git status
On branch master
Changes to be committed:
  (use "git restore --staged <file>..." to unstage)
        deleted:    index.html

Untracked files:
  (use "git add <file>..." to include in what will be committed)
        index.html


ashajay@IUSA19407 MINGW64 /h/Asha/github my app (master)
$ git add .

ashajay@IUSA19407 MINGW64 /h/Asha/github my app (master)
$ git commit
On branch master
nothing to commit, working tree clean

ashajay@IUSA19407 MINGW64 /h/Asha/github my app (master)
$ git commit -m "removed index.html"
On branch master
nothing to commit, working tree clean

ashajay@IUSA19407 MINGW64 /h/Asha/github my app (master)
$ git remote add origin https://github.com/ashad25/testad_github.git

ashajay@IUSA19407 MINGW64 /h/Asha/github my app (master)
$ git push -u origin master
Enumerating objects: 10, done.
Counting objects: 100% (10/10), done.
Delta compression using up to 4 threads
Compressing objects: 100% (9/9), done.
Writing objects: 100% (10/10), 1.25 KiB | 40.00 KiB/s, done.
Total 10 (delta 2), reused 0 (delta 0)
remote: Resolving deltas: 100% (2/2), done.
To https://github.com/ashad25/testad_github.git
 * [new branch]      master -> master
Branch 'master' set up to track remote branch 'master' from 'origin'.

ashajay@IUSA19407 MINGW64 /h/Asha/github my app (master)
$ get clone https://github.com/ashad25/testad_github.git
bash: get: command not found

ashajay@IUSA19407 MINGW64 /h/Asha/github my app (master)
$ git clone https://github.com/ashad25/testad_github.git
Cloning into 'testad_github'...
remote: Enumerating objects: 10, done.
remote: Counting objects: 100% (10/10), done.
remote: Compressing objects: 100% (7/7), done.
remote: Total 10 (delta 2), reused 10 (delta 2), pack-reused 0
Unpacking objects: 100% (10/10), done.

ashajay@IUSA19407 MINGW64 /h/Asha/github my app (master)
$ git clone https://github.com/ashad25/testGITHUB.git
Cloning into 'testGITHUB'...
remote: Enumerating objects: 11, done.
remote: Counting objects: 100% (11/11), done.
remote: Compressing objects: 100% (8/8), done.
remote: Total 11 (delta 0), reused 11 (delta 0), pack-reused 0
Unpacking objects: 100% (11/11), done.

ashajay@IUSA19407 MINGW64 /h/Asha/github my app (master)
$
c